HI-TECH Software PICC-18 Compiler V9.80 ()

Linker command line:

--edf=d:\Program Files\HI-TECH Software\PICC-18\9.80\dat\en_msgs.txt -cs \
  -h+YF.sym -z -Q18F45K80 -ol.obj -MYF.map -E1 -ver=PICC-18 \
  -ACODE=00h-07FFFh -ACONST=00h-07FFFh -ASMALLCONST=0F00h-0FFFhx113 \
  -AMEDIUMCONST=0F00h-07FFFh -ACOMRAM=01h-05Fh -AABS1=00h-0E40h \
  -ABIGRAM=01h-0E40h -ARAM=060h-0FFh,0100h-01FFhx13,0E00h-0E40h \
  -ABANK0=060h-0FFh -ABANK1=0100h-01FFh -ABANK2=0200h-02FFh \
  -ABANK3=0300h-03FFh -ABANK4=0400h-04FFh -ABANK5=0500h-05FFh \
  -ABANK6=0600h-06FFh -ABANK7=0700h-07FFh -ABANK8=0800h-08FFh \
  -ABANK9=0900h-09FFh -ABANK10=0A00h-0AFFh -ABANK11=0B00h-0BFFh \
  -ABANK12=0C00h-0CFFh -ABANK13=0D00h-0DFFh -ABANK14=0E00h-0E40h \
  -ASFR=0E41h-0EFFh,0F00h-0F5Fh,0F60h-0FFFh \
  -preset_vec=00h,intcode=08h,intcodelo,powerup,init,end_init \
  -pramtop=0F00h -psmallconst=SMALLCONST -pmediumconst=MEDIUMCONST \
  -pconst=CONST -AFARRAM=00h-00h -ACONFIG=0300000h-030000Dh -pconfig=CONFIG \
  -AIDLOC=0200000h-0200007h -pidloc=IDLOC -AEEDATA=0F00000h-0F003FFh \
  -peeprom_data=EEDATA \
  -prdata=COMRAM,nvrram=COMRAM,nvbit=COMRAM,rbss=COMRAM,rbit=COMRAM \
  -pfarbss=FARRAM,fardata=FARRAM \
  -pintsave_regs=BIGRAM,bigbss=BIGRAM,bigdata=BIGRAM -pbss=RAM \
  -pidata=CODE,irdata=CODE,ibigdata=CODE,ifardata=CODE startup.obj YF.obj 

Object code version is 3.10

Machine type is 18F45K80

Call graph: (short form)




                Name          Link     Load   Length Selector   Space       Scale
startup.obj     end_init        4E       4E        4       4     0
                reset_vec        0        0        4       0     0
                config      300000   300000        C  300000     0
YF.obj          intcode          8        8       46       4     0
                text33         FC6      FC6        6       4     0
                text32         EB4      EB4       28       4     0
                text31         EDC      EDC       28       4     0
                text30         FA8      FA8       10       4     0
                text29         F4E      F4E       20       4     0
                text28         FB8      FB8        E       4     0
                text26         D1C      D1C       4A       4     0
                text25         816      816       AE       4     0
                text24         9F0      9F0       92       4     0
                text23         64E      64E       F4       4     0
                text22         D66      D66       42       4     0
                text21         95A      95A       96       4     0
                text20         E22      E22       36       4     0
                text19         3EE      3EE      14E       4     0
                text18         B74      B74       5E       4     0
                text17         742      742       D4       4     0
                text16         53C      53C      112       4     0
                text15         DA8      DA8       40       4     0
                text14         E88      E88       2C       4     0
                text13         E58      E58       30       4     0
                text12         23A      23A      1B4       4     0
                text11         F04      F04       26       4     0
                text10         F8E      F8E       1A       4     0
                text9          F6E      F6E       20       4     0
                text8          F2A      F2A       24       4     0
                text7          CCE      CCE       4E       4     0
                text6          FD0      FD0        2       4     0
                text5          8C4      8C4       96       4     0
                text4          C80      C80       4E       4     0
                text3          BD2      BD2       5C       4     0
                text2          DE8      DE8       3A       4     0
                text1           52       52      1E8       4     0
                text0          C2E      C2E       52       4     0
                cstackCOM        1        1       3B       1     1
                bssBIGRAM       F2       F2      280      F2     1
                dataBANK0       60       60       7E      60     1
                bssBANK0        DE       DE       14      60     1
                dataCOMRA       59       59        4       1     1
                bssCOMRAM       3C       3C       1D       1     1
                bitbssCOM      2E8       5D        2       1     1    8
                cinit          B00      B00       74       4     0
                idataBANK      A82      A82       7E       4     0
                idataCOMR      FCC      FCC        4       4     0

TOTAL           Name          Link     Load   Length     Space
        CLASS   CODE           
                end_init        4E       4E        4     0
                intcode          8        8       46     0
                reset_vec        0        0        4     0
                text33         FC6      FC6        6     0
                text32         EB4      EB4       28     0
                text31         EDC      EDC       28     0
                text30         FA8      FA8       10     0
                text29         F4E      F4E       20     0
                text28         FB8      FB8        E     0
                text26         D1C      D1C       4A     0
                text25         816      816       AE     0
                text24         9F0      9F0       92     0
                text23         64E      64E       F4     0
                text22         D66      D66       42     0
                text21         95A      95A       96     0
                text20         E22      E22       36     0
                text19         3EE      3EE      14E     0
                text18         B74      B74       5E     0
                text17         742      742       D4     0
                text16         53C      53C      112     0
                text15         DA8      DA8       40     0
                text14         E88      E88       2C     0
                text13         E58      E58       30     0
                text12         23A      23A      1B4     0
                text11         F04      F04       26     0
                text10         F8E      F8E       1A     0
                text9          F6E      F6E       20     0
                text8          F2A      F2A       24     0
                text7          CCE      CCE       4E     0
                text6          FD0      FD0        2     0
                text5          8C4      8C4       96     0
                text4          C80      C80       4E     0
                text3          BD2      BD2       5C     0
                text2          DE8      DE8       3A     0
                text1           52       52      1E8     0
                text0          C2E      C2E       52     0
                cinit          B00      B00       74     0
                idataBANK      A82      A82       7E     0
                idataCOMR      FCC      FCC        4     0

        CLASS   CONST          

        CLASS   SMALLCONST     

        CLASS   MEDIUMCONST    

        CLASS   COMRAM         
                cstackCOM        1        1       3B     1
                dataCOMRA       59       59        4     1
                bssCOMRAM       3C       3C       1D     1
                bitbssCOM      2E8       5D        2     1

        CLASS   ABS1           

        CLASS   BIGRAM         
                bssBIGRAM       F2       F2      280     1

        CLASS   RAM            

        CLASS   BANK0          
                dataBANK0       60       60       7E     1
                bssBANK0        DE       DE       14     1

        CLASS   BANK1          

        CLASS   BANK2          

        CLASS   BANK3          

        CLASS   BANK4          

        CLASS   BANK5          

        CLASS   BANK6          

        CLASS   BANK7          

        CLASS   BANK8          

        CLASS   BANK9          

        CLASS   BANK10         

        CLASS   BANK11         

        CLASS   BANK12         

        CLASS   BANK13         

        CLASS   BANK14         

        CLASS   SFR            

        CLASS   FARRAM         

        CLASS   CONFIG         
                config      300000   300000        C     0

        CLASS   IDLOC          

        CLASS   EEDATA         



SEGMENTS        Name            Load    Length   Top    Selector   Space  Class

                reset_vec       000000  000004  000004         0       0  CODE    
                cstackCOMRAM    000001  00005D  00005E         1       1  COMRAM  
                intcode         000008  000FCA  000FD2         4       0  CODE    
                dataBANK0       000060  000092  0000F2        60       1  BANK0   
                bssBIGRAM       0000F2  000280  000372        F2       1  BIGRAM  
                config          300000  00000C  30000C    300000       0  CONFIG  


UNUSED ADDRESS RANGES

        Name                Unused          Largest block    Delta
        BANK10           000A00-000AFF              100
        BANK11           000B00-000BFF              100
        BANK12           000C00-000CFF              100
        BANK13           000D00-000DFF              100
        BANK14           000E00-000E40               41
        BANK3            000372-0003FF               8E
        BANK4            000400-0004FF              100
        BANK5            000500-0005FF              100
        BANK6            000600-0006FF              100
        BANK7            000700-0007FF              100
        BANK8            000800-0008FF              100
        BANK9            000900-0009FF              100
        BIGRAM           00005E-00005F                2
                         000372-000E40              ACF
        CODE             000004-000007                4
                         000FD2-007FFF             702E
        COMRAM           00005E-00005F                2
        CONFIG           30000C-30000D                2
        CONST            000004-000007                4
                         000FD2-007FFF             702E
        EEDATA           F00000-F003FF              400
        IDLOC            200000-200007                8
        MEDIUMCONST      000FD2-007FFF             702E
        RAM              000372-000E40              100
        SFR              000E41-000FFF               BF
        SMALLCONST       000FD2-007FFF              100

                                  Symbol Table

??_ADIntServer                     cstackCOMRAM 000001
??_CANDATAAnalyzing                cstackCOMRAM 000037
??_CANErrClr                       cstackCOMRAM 000001
??_CANFilterSet                    cstackCOMRAM 000002
??_CANInit                         cstackCOMRAM 000004
??_CANRecv                         cstackCOMRAM 000008
??_CANSend                         cstackCOMRAM 000003
??_CANSendConfirm                  cstackCOMRAM 000003
??_CANSendID                       cstackCOMRAM 000005
??_CANSetID                        cstackCOMRAM 000002
??_CANWriteID                      cstackCOMRAM 000006
??_CalculateTime25msCounter        cstackCOMRAM 00002A
??_EEPROMRead                      cstackCOMRAM 000004
??_EEPROMWrite                     cstackCOMRAM 000004
??_GetAddr                         cstackCOMRAM 000004
??_GetLampBoardAddr                cstackCOMRAM 000001
??_HeartbeatTest                   cstackCOMRAM 000005
??_IntManager                      cstackCOMRAM 000001
??_IntServer                       cstackCOMRAM 000001
??_LED_Off_Disp                    cstackCOMRAM 000001
??_LED_On_Disp                     cstackCOMRAM 000001
??_PORTInit                        cstackCOMRAM 000001
??_Read_YFlash_CFG                 cstackCOMRAM 000005
??_TMR0IntServer                   cstackCOMRAM 000001
??_TMR1IntServer                   cstackCOMRAM 000001
??_YFlashNewConfigure              cstackCOMRAM 000035
??_YellowFlash                     cstackCOMRAM 000001
??___ftmul                         cstackCOMRAM 00000F
??___ftpack                        cstackCOMRAM 000006
??___fttol                         cstackCOMRAM 00001E
??___lwdiv                         cstackCOMRAM 000005
??_delayms                         cstackCOMRAM 000007
??_delayus                         cstackCOMRAM 000003
??_main                            cstackCOMRAM 00003C
?_ADIntServer                      cstackCOMRAM 000001
?_CANDATAAnalyzing                 cstackCOMRAM 000035
?_CANErrClr                        cstackCOMRAM 000001
?_CANFilterSet                     cstackCOMRAM 000001
?_CANInit                          cstackCOMRAM 000001
?_CANRecv                          cstackCOMRAM 000006
?_CANSend                          cstackCOMRAM 000001
?_CANSendConfirm                   cstackCOMRAM 000001
?_CANSendID                        cstackCOMRAM 000001
?_CANSetID                         cstackCOMRAM 000001
?_CANWriteID                       cstackCOMRAM 000001
?_CalculateTime25msCounter         cstackCOMRAM 000029
?_EEPROMRead                       cstackCOMRAM 000001
?_EEPROMWrite                      cstackCOMRAM 000001
?_GetAddr                          cstackCOMRAM 000001
?_GetLampBoardAddr                 cstackCOMRAM 000001
?_HeartbeatTest                    cstackCOMRAM 000001
?_IntManager                       cstackCOMRAM 000001
?_IntServer                        cstackCOMRAM 000001
?_LED_Off_Disp                     cstackCOMRAM 000001
?_LED_On_Disp                      cstackCOMRAM 000001
?_PORTInit                         cstackCOMRAM 000001
?_Read_YFlash_CFG                  cstackCOMRAM 000001
?_TMR0IntServer                    cstackCOMRAM 000001
?_TMR1IntServer                    cstackCOMRAM 000001
?_YFlashNewConfigure               cstackCOMRAM 000001
?_YellowFlash                      cstackCOMRAM 000001
?___ftmul                          cstackCOMRAM 000009
?___ftpack                         cstackCOMRAM 000001
?___fttol                          cstackCOMRAM 00001A
?___lwdiv                          cstackCOMRAM 000001
?_delayms                          cstackCOMRAM 000005
?_delayus                          cstackCOMRAM 000001
?_main                             cstackCOMRAM 000001
CANDATAAnalyzing@dat               cstackCOMRAM 000035
CANDATAAnalyzing@dlc               cstackCOMRAM 000036
CANDATAAnalyzing@id                cstackCOMRAM 00003B
CANFilterSet@board_addr            cstackCOMRAM 000002
CANFilterSet@f_type                cstackCOMRAM 000001
CANInit@b_addr                     cstackCOMRAM 000004
CANRecv@dat                        cstackCOMRAM 000006
CANRecv@dlc                        cstackCOMRAM 000007
CANRecv@id                         cstackCOMRAM 000008
CANSend@dat                        cstackCOMRAM 000001
CANSend@dlc                        cstackCOMRAM 000002
CANSend@id                         cstackCOMRAM 000001
CANSendConfirm@i                   cstackCOMRAM 000003
CANSendID@sm                       cstackCOMRAM 000005
CANSetID@board_addr                cstackCOMRAM 000003
CANSetID@f_type                    cstackCOMRAM 000001
CANWriteID@fm                      cstackCOMRAM 000006
CalculateTime25msCounter@i         cstackCOMRAM 000031
CalculateTime25msCounter@j         cstackCOMRAM 000033
CalculateTime25msCounter@line      cstackCOMRAM 000029
CalculateTime25msCounter@row       cstackCOMRAM 000030
EEPROMRead@addr                    cstackCOMRAM 000004
EEPROMRead@dat                     cstackCOMRAM 000002
EEPROMRead@num                     cstackCOMRAM 000001
EEPROMWrite@addr                   cstackCOMRAM 000004
EEPROMWrite@dat                    cstackCOMRAM 000002
EEPROMWrite@num                    cstackCOMRAM 000001
GetAddr@board_type                 cstackCOMRAM 000004
GetAddr@rel                        cstackCOMRAM 000005
GetLampBoardAddr@addr              cstackCOMRAM 000003
GetLampBoardAddr@i                 cstackCOMRAM 000001
_ADIE                              (abs)        007CEE
_ADIF                              (abs)        007CF6
_ADIntServer                       text33       000FC6
_ADRESH                            (abs)        000FC4
_ADRESL                            (abs)        000FC3
_ANCON1                            (abs)        000F5C
_BRGCON1                           (abs)        000E43
_BRGCON2                           (abs)        000E44
_BRGCON3                           (abs)        000E45
_CANCON                            (abs)        000F6F
_CANDATAAnalyzing                  text12       00023A
_CANErrClr                         text6        000FD0
_CANFilterSet                      text5        0008C4
_CANInit                           text4        000C80
_CANRdata                          bssBANK0     0000DE
_CANRdlc                           dataCOMRAM   00005B
_CANRecv                           text1        000052
_CANRid                            bssBANK0     0000EE
_CANSTAT                           (abs)        000F6E
_CANSdata                          bssBANK0     0000E6
_CANSdlc                           dataCOMRAM   000059
_CANSend                           text16       00053C
_CANSendConfirm                    text13       000E58
_CANSendID                         text15       000DA8
_CANSetID                          text7        000CCE
_CANSid                            bssCOMRAM    00004F
_CANWriteID                        text14       000E88
_CIOCON                            (abs)        000F70
_CalculateTime25msCounter          text19       0003EE
_ECANCON                           (abs)        000F72
_EEADR                             (abs)        000F74
_EEADRH                            (abs)        000F75
_EECON1                            (abs)        000F7F
_EECON2                            (abs)        000F7E
_EEDATA                            (abs)        000F73
_EEPROMRead                        text22       000D66
_EEPROMWrite                       text18       000B74
_ERRIF                             (abs)        007BBD
_GetAddr                           text2        000DE8
_GetLampBoardAddr                  text3        000BD2
_HeartbeatTest                     text20       000E22
_INTCON                            (abs)        000FF2
_IntManager                        text11       000F04
_IntServer                         intcode      000008
_LED_Off_Disp                      text32       000EB4
_LED_On_Disp                       text31       000EDC
_PORTB                             (abs)        000F81
_PORTInit                          text10       000F8E
_RC4                               (abs)        007C14
_RC5                               (abs)        007C15
_RC6                               (abs)        007C16
_RD2                               (abs)        007C1A
_RD3                               (abs)        007C1B
_RXB0CON                           (abs)        000F60
_RXB0D0                            (abs)        000F66
_RXB0D1                            (abs)        000F67
_RXB0D2                            (abs)        000F68
_RXB0D3                            (abs)        000F69
_RXB0D4                            (abs)        000F6A
_RXB0D5                            (abs)        000F6B
_RXB0D6                            (abs)        000F6C
_RXB0D7                            (abs)        000F6D
_RXB0DLC                           (abs)        000F65
_RXB0EIDH                          (abs)        000F63
_RXB0EIDL                          (abs)        000F64
_RXB0IF                            (abs)        007BB8
_RXB0SIDH                          (abs)        000F61
_RXB0SIDL                          (abs)        000F62
_RXB1CON                           (abs)        000F30
_RXB1D0                            (abs)        000F36
_RXB1D1                            (abs)        000F37
_RXB1D2                            (abs)        000F38
_RXB1D3                            (abs)        000F39
_RXB1D4                            (abs)        000F3A
_RXB1D5                            (abs)        000F3B
_RXB1D6                            (abs)        000F3C
_RXB1D7                            (abs)        000F3D
_RXB1DLC                           (abs)        000F35
_RXB1EIDH                          (abs)        000F33
_RXB1EIDL                          (abs)        000F34
_RXB1IF                            (abs)        007BB9
_RXB1SIDH                          (abs)        000F31
_RXB1SIDL                          (abs)        000F32
_RXF0EIDH                          (abs)        000EE2
_RXF0EIDL                          (abs)        000EE3
_RXF0SIDH                          (abs)        000EE0
_RXF0SIDL                          (abs)        000EE1
_RXF1EIDH                          (abs)        000EE6
_RXF1EIDL                          (abs)        000EE7
_RXF1SIDH                          (abs)        000EE4
_RXF1SIDL                          (abs)        000EE5
_RXF2EIDH                          (abs)        000EEA
_RXF2EIDL                          (abs)        000EEB
_RXF2SIDH                          (abs)        000EE8
_RXF2SIDL                          (abs)        000EE9
_RXF3EIDH                          (abs)        000EEE
_RXF3EIDL                          (abs)        000EEF
_RXF3SIDH                          (abs)        000EEC
_RXF3SIDL                          (abs)        000EED
_RXF4EIDH                          (abs)        000EF2
_RXF4EIDL                          (abs)        000EF3
_RXF4SIDH                          (abs)        000EF0
_RXF4SIDL                          (abs)        000EF1
_RXF5EIDH                          (abs)        000EF6
_RXF5EIDL                          (abs)        000EF7
_RXF5SIDH                          (abs)        000EF4
_RXF5SIDL                          (abs)        000EF5
_RXM0EIDH                          (abs)        000EFA
_RXM0EIDL                          (abs)        000EFB
_RXM0SIDH                          (abs)        000EF8
_RXM0SIDL                          (abs)        000EF9
_RXM1EIDH                          (abs)        000EFE
_RXM1EIDL                          (abs)        000EFF
_RXM1SIDH                          (abs)        000EFC
_RXM1SIDL                          (abs)        000EFD
_Read_YFlash_CFG                   text21       00095A
_SWDTEN                            (abs)        007E88
_T08BIT                            (abs)        007EAE
_T0CS                              (abs)        007EAD
_T1CON                             (abs)        000FCD
_TMR0H                             (abs)        000FD7
_TMR0IE                            (abs)        007F95
_TMR0IF                            (abs)        007F92
_TMR0IntServer                     text28       000FB8
_TMR0L                             (abs)        000FD6
_TMR0ON                            (abs)        007EAF
_TMR1H                             (abs)        000FCF
_TMR1IE                            (abs)        007CE8
_TMR1IF                            (abs)        007CF0
_TMR1IntServer                     text29       000F4E
_TMR1L                             (abs)        000FCE
_TRISB                             (abs)        000F93
_TRISC                             (abs)        000F94
_TRISD                             (abs)        000F95
_TXB0CON                           (abs)        000F20
_TXB0D0                            (abs)        000F26
_TXB0D1                            (abs)        000F27
_TXB0D2                            (abs)        000F28
_TXB0D3                            (abs)        000F29
_TXB0D4                            (abs)        000F2A
_TXB0D5                            (abs)        000F2B
_TXB0D6                            (abs)        000F2C
_TXB0D7                            (abs)        000F2D
_TXB0DLC                           (abs)        000F25
_TXB0EIDH                          (abs)        000F23
_TXB0EIDL                          (abs)        000F24
_TXB0IF                            (abs)        007BBA
_TXB0SIDH                          (abs)        000F21
_TXB0SIDL                          (abs)        000F22
_TXB1CON                           (abs)        000F10
_TXB1D0                            (abs)        000F16
_TXB1D1                            (abs)        000F17
_TXB1D2                            (abs)        000F18
_TXB1D3                            (abs)        000F19
_TXB1D4                            (abs)        000F1A
_TXB1D5                            (abs)        000F1B
_TXB1D6                            (abs)        000F1C
_TXB1D7                            (abs)        000F1D
_TXB1DLC                           (abs)        000F15
_TXB1EIDH                          (abs)        000F13
_TXB1EIDL                          (abs)        000F14
_TXB1IF                            (abs)        007BBB
_TXB1SIDH                          (abs)        000F11
_TXB1SIDL                          (abs)        000F12
_TXB2CON                           (abs)        000F00
_TXB2D0                            (abs)        000F06
_TXB2D1                            (abs)        000F07
_TXB2D2                            (abs)        000F08
_TXB2D3                            (abs)        000F09
_TXB2D4                            (abs)        000F0A
_TXB2D5                            (abs)        000F0B
_TXB2D6                            (abs)        000F0C
_TXB2D7                            (abs)        000F0D
_TXB2DLC                           (abs)        000F05
_TXB2EIDH                          (abs)        000F03
_TXB2EIDL                          (abs)        000F04
_TXB2IF                            (abs)        007BBC
_TXB2SIDH                          (abs)        000F01
_TXB2SIDL                          (abs)        000F02
_YFlashNewConfigure                text17       000742
_YellowFlash                       text30       000FA8
__CFG_FOSC$HS1                     (abs)        000000
__CFG_PLLCFG$OFF                   (abs)        000000
__CFG_SOSCSEL$DIG                  (abs)        000000
__CFG_WDTEN$ON                     (abs)        000000
__CFG_WDTPS$256                    (abs)        000000
__CFG_WRTD$OFF                     (abs)        000000
__CFG_XINST$OFF                    (abs)        000000
__HRAM                             (abs)        000000
__Habs1                            abs1         000000
__Hbank0                           bank0        000000
__Hbank1                           bank1        000000
__Hbank10                          bank10       000000
__Hbank11                          bank11       000000
__Hbank12                          bank12       000000
__Hbank13                          bank13       000000
__Hbank14                          bank14       000000
__Hbank2                           bank2        000000
__Hbank3                           bank3        000000
__Hbank4                           bank4        000000
__Hbank5                           bank5        000000
__Hbank6                           bank6        000000
__Hbank7                           bank7        000000
__Hbank8                           bank8        000000
__Hbank9                           bank9        000000
__Hbigbss                          bigbss       000000
__Hbigdata                         bigdata      000000
__Hbigram                          bigram       000000
__HbitbssCOMRAM                    bitbssCOMRAM 000000
__Hbss                             bss          000000
__HbssBANK0                        bssBANK0     000000
__HbssBIGRAM                       bssBIGRAM    000000
__HbssCOMRAM                       bssCOMRAM    000000
__Hcinit                           cinit        000000
__Hclrtext                         clrtext      000000
__Hcomram                          comram       000000
__Hconfig                          config       30000C
__Hconst                           const        000000
__HcstackCOMRAM                    cstackCOMRAM 000000
__Hdata                            data         000000
__HdataBANK0                       dataBANK0    000000
__HdataCOMRAM                      dataCOMRAM   000000
__Heeprom_data                     eeprom_data  000000
__Hend_init                        end_init     000052
__Hfarbss                          farbss       000000
__Hfardata                         fardata      000000
__Hibigdata                        ibigdata     000000
__Hidata                           idata        000000
__HidataBANK0                      idataBANK0   000000
__HidataCOMRAM                     idataCOMRAM  000000
__Hidloc                           idloc        000000
__Hifardata                        ifardata     000000
__Hinit                            init         00004E
__Hintcode                         intcode      00004E
__Hintcode_body                    intcode_body 000000
__Hintcodelo                       intcodelo    00004E
__Hintentry                        intentry     000000
__Hintret                          intret       000000
__Hintsave_regs                    intsave_regs 000000
__Hirdata                          irdata       000000
__Hmediumconst                     mediumconst  000000
__Hnvbit                           nvbit        000000
__Hnvrram                          nvrram       000000
__Hpa_nodes                        pa_nodes     000000
__Hparam                           rparam       000000
__Hpowerup                         powerup      00004E
__Hram                             ram          000000
__Hramtop                          ramtop       000F00
__Hrbit                            rbit         000000
__Hrbss                            rbss         000000
__Hrdata                           rdata        000000
__Hreset_vec                       reset_vec    000004
__Hrparam                          rparam       000000
__Hsfr                             sfr          000000
__Hsmallconst                      smallconst   000000
__Hstruct                          struct       000000
__Htemp                            temp         000000
__Htext                            text         000000
__Htext0                           text0        000000
__Htext1                           text1        000000
__Htext10                          text10       000000
__Htext11                          text11       000000
__Htext12                          text12       000000
__Htext13                          text13       000000
__Htext14                          text14       000000
__Htext15                          text15       000000
__Htext16                          text16       000000
__Htext17                          text17       000000
__Htext18                          text18       000000
__Htext19                          text19       000000
__Htext2                           text2        000000
__Htext20                          text20       000000
__Htext21                          text21       000000
__Htext22                          text22       000000
__Htext23                          text23       000000
__Htext24                          text24       000000
__Htext25                          text25       000000
__Htext26                          text26       000000
__Htext28                          text28       000000
__Htext29                          text29       000000
__Htext3                           text3        000000
__Htext30                          text30       000000
__Htext31                          text31       000000
__Htext32                          text32       000000
__Htext33                          text33       000000
__Htext34                          text34       000000
__Htext4                           text4        000000
__Htext5                           text5        000000
__Htext6                           text6        000000
__Htext7                           text7        000000
__Htext8                           text8        000000
__Htext9                           text9        000000
__LRAM                             (abs)        000001
__Labs1                            abs1         000000
__Lbank0                           bank0        000000
__Lbank1                           bank1        000000
__Lbank10                          bank10       000000
__Lbank11                          bank11       000000
__Lbank12                          bank12       000000
__Lbank13                          bank13       000000
__Lbank14                          bank14       000000
__Lbank2                           bank2        000000
__Lbank3                           bank3        000000
__Lbank4                           bank4        000000
__Lbank5                           bank5        000000
__Lbank6                           bank6        000000
__Lbank7                           bank7        000000
__Lbank8                           bank8        000000
__Lbank9                           bank9        000000
__Lbigbss                          bigbss       000000
__Lbigdata                         bigdata      000000
__Lbigram                          bigram       000000
__LbitbssCOMRAM                    bitbssCOMRAM 000000
__Lbss                             bss          000000
__LbssBANK0                        bssBANK0     000000
__LbssBIGRAM                       bssBIGRAM    000000
__LbssCOMRAM                       bssCOMRAM    000000
__Lcinit                           cinit        000000
__Lclrtext                         clrtext      000000
__Lcomram                          comram       000000
__Lconfig                          config       300000
__Lconst                           const        000000
__LcstackCOMRAM                    cstackCOMRAM 000000
__Ldata                            data         000000
__LdataBANK0                       dataBANK0    000000
__LdataCOMRAM                      dataCOMRAM   000000
__Leeprom_data                     eeprom_data  000000
__Lend_init                        end_init     00004E
__Lfarbss                          farbss       000000
__Lfardata                         fardata      000000
__Libigdata                        ibigdata     000000
__Lidata                           idata        000000
__LidataBANK0                      idataBANK0   000000
__LidataCOMRAM                     idataCOMRAM  000000
__Lidloc                           idloc        000000
__Lifardata                        ifardata     000000
__Linit                            init         00004E
__Lintcode                         intcode      000008
__Lintcode_body                    intcode_body 000000
__Lintcodelo                       intcodelo    00004E
__Lintentry                        intentry     000000
__Lintret                          intret       000000
__Lintsave_regs                    intsave_regs 000000
__Lirdata                          irdata       000000
__Lmediumconst                     mediumconst  000000
__Lnvbit                           nvbit        000000
__Lnvrram                          nvrram       000000
__Lpa_nodes                        pa_nodes     000000
__Lparam                           rparam       000000
__Lpowerup                         powerup      00004E
__Lram                             ram          000000
__Lramtop                          ramtop       000F00
__Lrbit                            rbit         000000
__Lrbss                            rbss         000000
__Lrdata                           rdata        000000
__Lreset_vec                       reset_vec    000000
__Lrparam                          rparam       000000
__Lsfr                             sfr          000000
__Lsmallconst                      smallconst   000000
__Lstruct                          struct       000000
__Ltemp                            temp         000000
__Ltext                            text         000000
__Ltext0                           text0        000000
__Ltext1                           text1        000000
__Ltext10                          text10       000000
__Ltext11                          text11       000000
__Ltext12                          text12       000000
__Ltext13                          text13       000000
__Ltext14                          text14       000000
__Ltext15                          text15       000000
__Ltext16                          text16       000000
__Ltext17                          text17       000000
__Ltext18                          text18       000000
__Ltext19                          text19       000000
__Ltext2                           text2        000000
__Ltext20                          text20       000000
__Ltext21                          text21       000000
__Ltext22                          text22       000000
__Ltext23                          text23       000000
__Ltext24                          text24       000000
__Ltext25                          text25       000000
__Ltext26                          text26       000000
__Ltext28                          text28       000000
__Ltext29                          text29       000000
__Ltext3                           text3        000000
__Ltext30                          text30       000000
__Ltext31                          text31       000000
__Ltext32                          text32       000000
__Ltext33                          text33       000000
__Ltext34                          text34       000000
__Ltext4                           text4        000000
__Ltext5                           text5        000000
__Ltext6                           text6        000000
__Ltext7                           text7        000000
__Ltext8                           text8        000000
__Ltext9                           text9        000000
__S0                               (abs)        30000C
__S1                               (abs)        000372
___ftmul                           text23       00064E
___ftmul@cntr                      cstackCOMRAM 000018
___ftmul@exp                       cstackCOMRAM 000014
___ftmul@f1                        cstackCOMRAM 000009
___ftmul@f2                        cstackCOMRAM 00000C
___ftmul@f3_as_product             cstackCOMRAM 000015
___ftmul@sign                      cstackCOMRAM 000019
___ftpack                          text24       0009F0
___ftpack@arg                      cstackCOMRAM 000001
___ftpack@exp                      cstackCOMRAM 000004
___ftpack@sign                     cstackCOMRAM 000005
___fttol                           text25       000816
___fttol@exp1                      cstackCOMRAM 000028
___fttol@f1                        cstackCOMRAM 00001A
___fttol@lval                      cstackCOMRAM 000024
___fttol@sign1                     cstackCOMRAM 000023
___lwdiv                           text26       000D1C
___lwdiv@counter                   cstackCOMRAM 000007
___lwdiv@dividend                  cstackCOMRAM 000001
___lwdiv@divisor                   cstackCOMRAM 000003
___lwdiv@quotient                  cstackCOMRAM 000005
__accesstop                        (abs)        000060
__activetblptr                     (abs)        000000
__end_of_ADIntServer               text33       000FCC
__end_of_CANDATAAnalyzing          text12       0003EE
__end_of_CANErrClr                 text6        000FD2
__end_of_CANFilterSet              text5        00095A
__end_of_CANInit                   text4        000CCE
__end_of_CANRecv                   text1        0001BC
__end_of_CANSend                   text16       0005E0
__end_of_CANSendConfirm            text13       000E88
__end_of_CANSendID                 text15       000DE8
__end_of_CANSetID                  text7        000D1C
__end_of_CANWriteID                text14       000EB4
__end_of_CalculateTime25msCounter  text19       0004C0
__end_of_EEPROMRead                text22       000DA8
__end_of_EEPROMWrite               text18       000BD2
__end_of_GetAddr                   text2        000E22
__end_of_GetLampBoardAddr          text3        000C2E
__end_of_HeartbeatTest             text20       000E58
__end_of_IntManager                text11       000F2A
__end_of_IntServer                 intcode      00004E
__end_of_LED_Off_Disp              text32       000EDC
__end_of_LED_On_Disp               text31       000F04
__end_of_PORTInit                  text10       000FA8
__end_of_Read_YFlash_CFG           text21       0009AC
__end_of_TMR0IntServer             text28       000FC6
__end_of_TMR1IntServer             text29       000F6E
__end_of_YFlashNewConfigure        text17       0007F6
__end_of_YellowFlash               text30       000FB8
__end_of___ftmul                   text23       00072C
__end_of___ftpack                  text24       000A78
__end_of___fttol                   text25       0008A0
__end_of___lwdiv                   text26       000D66
__end_of_delayms                   text8        000F4E
__end_of_delayus                   text9        000F8E
__end_of_main                      text1        000052
__mediumconst                      mediumconst  000000
__pbitbssCOMRAM                    bitbssCOMRAM 0002E8
__pbssBANK0                        bssBANK0     0000DE
__pbssBIGRAM                       bssBIGRAM    0000F2
__pbssCOMRAM                       bssCOMRAM    00003C
__pcinit                           cinit        000B00
__pcstackCOMRAM                    cstackCOMRAM 000001
__pdataBANK0                       dataBANK0    000060
__pdataCOMRAM                      dataCOMRAM   000059
__pidataBANK0                      idataBANK0   000A82
__pidataCOMRAM                     idataCOMRAM  000FCC
__pintcode                         intcode      000008
__ptext0                           text0        000C2E
__ptext1                           text1        000052
__ptext10                          text10       000F8E
__ptext11                          text11       000F04
__ptext12                          text12       00023A
__ptext13                          text13       000E58
__ptext14                          text14       000E88
__ptext15                          text15       000DA8
__ptext16                          text16       00053C
__ptext17                          text17       000742
__ptext18                          text18       000B74
__ptext19                          text19       0003EE
__ptext2                           text2        000DE8
__ptext20                          text20       000E22
__ptext21                          text21       00095A
__ptext22                          text22       000D66
__ptext23                          text23       00064E
__ptext24                          text24       0009F0
__ptext25                          text25       000816
__ptext26                          text26       000D1C
__ptext28                          text28       000FB8
__ptext29                          text29       000F4E
__ptext3                           text3        000BD2
__ptext30                          text30       000FA8
__ptext31                          text31       000EDC
__ptext32                          text32       000EB4
__ptext33                          text33       000FC6
__ptext34                          text34       000000
__ptext4                           text4        000C80
__ptext5                           text5        0008C4
__ptext6                           text6        000FD0
__ptext7                           text7        000CCE
__ptext8                           text8        000F2A
__ptext9                           text9        000F6E
__ramtop                           ramtop       000F00
__size_of_ADIntServer              (abs)        000000
__size_of_CANDATAAnalyzing         (abs)        000000
__size_of_CANErrClr                (abs)        000000
__size_of_CANFilterSet             (abs)        000000
__size_of_CANInit                  (abs)        000000
__size_of_CANRecv                  (abs)        000000
__size_of_CANSend                  (abs)        000000
__size_of_CANSendConfirm           (abs)        000000
__size_of_CANSendID                (abs)        000000
__size_of_CANSetID                 (abs)        000000
__size_of_CANWriteID               (abs)        000000
__size_of_CalculateTime25msCounter (abs)        000000
__size_of_EEPROMRead               (abs)        000000
__size_of_EEPROMWrite              (abs)        000000
__size_of_GetAddr                  (abs)        000000
__size_of_GetLampBoardAddr         (abs)        000000
__size_of_HeartbeatTest            (abs)        000000
__size_of_IntManager               (abs)        000000
__size_of_IntServer                (abs)        000000
__size_of_LED_Off_Disp             (abs)        000000
__size_of_LED_On_Disp              (abs)        000000
__size_of_PORTInit                 (abs)        000000
__size_of_Read_YFlash_CFG          (abs)        000000
__size_of_TMR0IntServer            (abs)        000000
__size_of_TMR1IntServer            (abs)        000000
__size_of_YFlashNewConfigure       (abs)        000000
__size_of_YellowFlash              (abs)        000000
__size_of___ftmul                  (abs)        000000
__size_of___ftpack                 (abs)        000000
__size_of___fttol                  (abs)        000000
__size_of___lwdiv                  (abs)        000000
__size_of_delayms                  (abs)        000000
__size_of_delayus                  (abs)        000000
__size_of_main                     (abs)        000000
__smallconst                       smallconst   000000
_cycledutyoff                      dataBANK0    000060
_cycledutyon                       dataBANK0    000090
_delayms                           text8        000F2A
_delayus                           text9        000F6E
_eeprom_addr                       bssCOMRAM    000053
_eeprom_num                        dataCOMRAM   00005C
_f_r_mod                           bssCOMRAM    000046
_force_status                      bssCOMRAM    000047
_heartbeat                         bssCOMRAM    000048
_lines                             bssCOMRAM    000049
_main                              text0        000C2E
_my_addr                           bssCOMRAM    00004A
_period                            dataBANK0    0000C0
_readwrite                         bssCOMRAM    000055
_rows                              bssCOMRAM    00004B
_run_mode                          bssCOMRAM    00004C
_switchmode                        bitbssCOMRAM 0002E8
_t1_cont                           bssCOMRAM    00003C
_t500ms_count                      bssCOMRAM    00004D
_time5ms                           bitbssCOMRAM 0002E9
_time_counter                      bssCOMRAM    00003E
_time_counters                     bssCOMRAM    000040
_time_off                          bssBIGRAM    0000F2
_time_off_counter                  bssCOMRAM    000042
_time_on                           bssBIGRAM    000232
_time_on_counter                   bssCOMRAM    000044
_turnoff                           dataCOMRAM   00005A
_yflash_CFG                        bssCOMRAM    000057
_yflash_status                     bssCOMRAM    00004E
delayms@i                          cstackCOMRAM 000007
delayms@ms                         cstackCOMRAM 000005
delayus@i                          cstackCOMRAM 000003
delayus@us                         cstackCOMRAM 000001
end_of_initialization              cinit        000B6E
intlevel0                          text         000000
intlevel1                          text         000000
intlevel2                          text         000000
intlevel3                          text         000000
start                              init         00004E
start_initialization               cinit        000B00
